Microchip MPLAB XC8 Compiler V2.10 ()

Linker command line:

-W-3 --edf=C:\Program Files (x86)\Microchip\xc8\v2.10\pic\dat\en_msgs.txt \
  -cs -h+dist/default/production\TfinalMicro1.X.production.sym \
  --cmf=dist/default/production\TfinalMicro1.X.production.cmf -z -Q16F1937 \
  -oC:\Users\Jejav\AppData\Local\Temp\s4ac.2 --defsym=__MPLAB_BUILD=1 \
  -Mdist/default/production/TfinalMicro1.X.production.map -E1 -ver=XC8 \
  --acfsm=1493 -ASTACK=02140h-021EFh -pstack=STACK -ACODE=00h-07FFhx4 \
  -ASTRCODE=00h-01FFFh -ASTRING=00h-0FFhx32 -ACONST=00h-0FFhx32 \
  -AENTRY=00h-0FFhx32 -ACOMMON=070h-07Fh -ABANK0=020h-06Fh \
  -ABANK1=0A0h-0EFh -ABANK2=0120h-016Fh -ABANK3=01A0h-01EFh \
  -ABANK4=0220h-026Fh -ABANK5=02A0h-02EFh -ABANK6=0320h-032Fh \
  -ABIGRAM=02000h-021EFh \
  -ARAM=020h-06Fh,0A0h-0EFh,0120h-016Fh,01A0h-01EFh,0220h-026Fh,02A0h-02EFh,0320h-032Fh \
  -AABS1=020h-07Fh,0A0h-0EFh,0120h-016Fh,01A0h-01EFh,0220h-026Fh,02A0h-02EFh,0320h-032Fh \
  -ASFR0=00h-01Fh -ASFR1=080h-09Fh -ASFR2=0100h-011Fh -ASFR3=0180h-019Fh \
  -ASFR4=0200h-021Fh -ASFR5=0280h-029Fh -ASFR6=0300h-031Fh \
  -ASFR7=0380h-03EFh -ASFR8=0400h-046Fh -ASFR9=0480h-04EFh \
  -ASFR10=0500h-056Fh -ASFR11=0580h-05EFh -ASFR12=0600h-066Fh \
  -ASFR13=0680h-06EFh -ASFR14=0700h-076Fh -ASFR15=0780h-07EFh \
  -ASFR16=0800h-086Fh -ASFR17=0880h-08EFh -ASFR18=0900h-096Fh \
  -ASFR19=0980h-09EFh -ASFR20=0A00h-0A6Fh -ASFR21=0A80h-0AEFh \
  -ASFR22=0B00h-0B6Fh -ASFR23=0B80h-0BEFh -ASFR24=0C00h-0C6Fh \
  -ASFR25=0C80h-0CEFh -ASFR26=0D00h-0D6Fh -ASFR27=0D80h-0DEFh \
  -ASFR28=0E00h-0E6Fh -ASFR29=0E80h-0EEFh -ASFR30=0F00h-0F6Fh \
  -ASFR31=0F80h-0FEFh -preset_vec=00h,intentry,init,end_init -ppowerup=CODE \
  -pcinit=CODE -pfunctab=ENTRY -ACONFIG=08007h-08008h -pconfig=CONFIG \
  -DCONFIG=2 -AIDLOC=08000h-08003h -pidloc=IDLOC -DIDLOC=2 \
  -AEEDATA=00h-0FFh/0F000h -peeprom_data=EEDATA -DEEDATA=2 -DCODE=2 \
  -DSTRCODE=2 -DSTRING=2 -DCONST=2 -DENTRY=2 -k \
  C:\Users\Jejav\AppData\Local\Temp\s4ac.o \
  dist/default/production\TfinalMicro1.X.production.o 

Object code version is 3.11

Machine type is 16F1937



                Name                               Link     Load   Length Selector   Space Scale
C:\Users\Jejav\AppData\Local\Temp\s4ac.o
                end_init                              2        2        2        0       0
                reset_vec                             0        0        2        0       0
                config                             8007     8007        2    1000E       0
dist/default/production\TfinalMicro1.X.production.o
                cinit                               7E2      7E2       1E      FC4       0
                text54                             1EB1     1EB1       17     3D62       0
                text53                             1E66     1E66        D     3CCC       0
                text52                             1419     1419       7B     2832       0
                text51                             129B     129B       50     2536       0
                text50                             11FD     11FD       4F     23FA       0
                text49                             1E25     1E25        8     3C4A       0
                text48                             1E86     1E86       15     3D0C       0
                text47                             1E9B     1E9B       16     3D36       0
                text46                             1E73     1E73       13     3CE6       0
                text45                             1494     1494       80     2928       0
                text44                             1010     1010       2A     2020       0
                text43                             1F0E     1F0E       1A     3E1C       0
                text42                             1F28     1F28       1B     3E50       0
                text41                             1EC8     1EC8       17     3D90       0
                text40                             1F43     1F43       1C     3E86       0
                text39                             15A9     15A9       9F     2B52       0
                text38                             12EB     12EB       51     25D6       0
                text37                             10D6     10D6       45     21AC       0
                text36                               1B       1B      17A       36       0
                text35                             111B     111B       48     2236       0
                text34                             1F7C     1F7C       1F     3EF8       0
                text33                              B9F      B9F      218     173E       0
                text32                             1E3D     1E3D        9     3C7A       0
                text31                              9BE      9BE      1E1     137C       0
                text30                             1F5F     1F5F       1D     3EBE       0
                text29                             133C     133C       65     2678       0
                text28                             13A1     13A1       78     2742       0
                text27                             1648     1648       D2     2C90       0
                text26                             1002     1002        1     2004       0
                text25                             1163     1163       4C     22C6       0
                text24                             1FDB     1FDB       25     3FB6       0
                text23                             1EF6     1EF6       18     3DEC       0
                text22                             124C     124C       4F     2498       0
                text21                             1F9B     1F9B       1F     3F36       0
                text20                             1EDF     1EDF       17     3DBE       0
                text19                             1FBA     1FBA       21     3F74       0
                text18                              195      195      64D      32A       0
                text17                             11AF     11AF       4E     235E       0
                text16                              DB7      DB7      249     1B6E       0
                text15                             1066     1066       2D     20CC       0
                text14                             103A     103A       2C     2074       0
                text13                                4        4       17        0       0
                text12                             1514     1514       95     2A28       0
                text11                             171A     171A       E6     2E34       0
                text10                             1003     1003        D     2006       0
                text9                              1E4F     1E4F        B     3C9E       0
                text8                              1E2D     1E2D        8     3C5A       0
                text7                              1093     1093       43     2126       0
                text6                              1E35     1E35        8     3C6A       0
                text5                              1E1E     1E1E        7     3C3C       0
                text4                               800      800       22      FC4       0
                text3                              1E0E     1E0E        4     3C1C       0
                text2                              1E5A     1E5A        C     3CB4       0
                text1                               822      822       9F     1044       0
                maintext                            8C1      8C1       FD     1182       0
                cstackBANK0                          20       20       50       20       1
                cstackCOMMON                         70       70        E       70       1
                cstackBANK1                          A0       A0       50       A0       1
                cstackBANK2                         148      148        E      120       1
                clrtext                            1E12     1E12        6     3C24       0
                inittext                           1E18     1E18        6     3C30       0
                bssBANK3                            1A0      1A0       50      1A0       1
                dataBANK2                           156      156        9      120       1
                bssBANK2                            120      120       28      120       1
                stringtext15                       1845     1845        3     3000       0
                stringtext14                       1841     1841        4     3000       0
                stringtext13                       183D     183D        4     3000       0
                stringtext12                       1839     1839        4     3000       0
                stringtext11                       1835     1835        4     3000       0
                stringtext10                       1831     1831        4     3000       0
                stringtext9                        182D     182D        4     3000       0
                stringtext8                        1829     1829        4     3000       0
                stringtext7                        1825     1825        4     3000       0
                stringtext6                        1820     1820        5     3000       0
                stringtext5                        181A     181A        6     3000       0
                stringtext4                        1814     1814        6     3000       0
                stringtext3                        180E     180E        6     3000       0
                stringtext2                        1808     1808        6     3000       0
                stringtext1                        1800     1800        8     3000       0
                idataBANK2                         1E46     1E46        9     3C8C       0

TOTAL           Name                               Link     Load   Length     Space
        CLASS   STACK          

        CLASS   CODE           
                end_init                              2        2        2         0
                cinit                               7E2      7E2       1E         0
                reset_vec                             0        0        2         0
                text54                             1EB1     1EB1       17         0
                text53                             1E66     1E66        D         0
                text52                             1419     1419       7B         0
                text51                             129B     129B       50         0
                text50                             11FD     11FD       4F         0
                text49                             1E25     1E25        8         0
                text48                             1E86     1E86       15         0
                text47                             1E9B     1E9B       16         0
                text46                             1E73     1E73       13         0
                text45                             1494     1494       80         0
                text44                             1010     1010       2A         0
                text43                             1F0E     1F0E       1A         0
                text42                             1F28     1F28       1B         0
                text41                             1EC8     1EC8       17         0
                text40                             1F43     1F43       1C         0
                text39                             15A9     15A9       9F         0
                text38                             12EB     12EB       51         0
                text37                             10D6     10D6       45         0
                text36                               1B       1B      17A         0
                text35                             111B     111B       48         0
                text34                             1F7C     1F7C       1F         0
                text33                              B9F      B9F      218         0
                text32                             1E3D     1E3D        9         0
                text31                              9BE      9BE      1E1         0
                text30                             1F5F     1F5F       1D         0
                text29                             133C     133C       65         0
                text28                             13A1     13A1       78         0
                text27                             1648     1648       D2         0
                text26                             1002     1002        1         0
                text25                             1163     1163       4C         0
                text24                             1FDB     1FDB       25         0
                text23                             1EF6     1EF6       18         0
                text22                             124C     124C       4F         0
                text21                             1F9B     1F9B       1F         0
                text20                             1EDF     1EDF       17         0
                text19                             1FBA     1FBA       21         0
                text18                              195      195      64D         0
                text17                             11AF     11AF       4E         0
                text16                              DB7      DB7      249         0
                text15                             1066     1066       2D         0
                text14                             103A     103A       2C         0
                text13                                4        4       17         0
                text12                             1514     1514       95         0
                text11                             171A     171A       E6         0
                text10                             1003     1003        D         0
                text9                              1E4F     1E4F        B         0
                text8                              1E2D     1E2D        8         0
                text7                              1093     1093       43         0
                text6                              1E35     1E35        8         0
                text5                              1E1E     1E1E        7         0
                text4                               800      800       22         0
                text3                              1E0E     1E0E        4         0
                text2                              1E5A     1E5A        C         0
                text1                               822      822       9F         0
                maintext                            8C1      8C1       FD         0
                clrtext                            1E12     1E12        6         0
                inittext                           1E18     1E18        6         0
                idataBANK2                         1E46     1E46        9         0

        CLASS   STRCODE        
                stringtext15                       1845     1845        3         0
                stringtext14                       1841     1841        4         0
                stringtext13                       183D     183D        4         0
                stringtext12                       1839     1839        4         0
                stringtext11                       1835     1835        4         0
                stringtext10                       1831     1831        4         0
                stringtext9                        182D     182D        4         0
                stringtext8                        1829     1829        4         0
                stringtext7                        1825     1825        4         0
                stringtext6                        1820     1820        5         0
                stringtext5                        181A     181A        6         0
                stringtext4                        1814     1814        6         0
                stringtext3                        180E     180E        6         0
                stringtext2                        1808     1808        6         0
                stringtext1                        1800     1800        8         0

        CLASS   STRING         

        CLASS   CONST          

        CLASS   ENTRY          

        CLASS   COMMON         
                cstackCOMMON                         70       70        E         1

        CLASS   BANK0          
                cstackBANK0                          20       20       50         1

        CLASS   BANK1          
                cstackBANK1                          A0       A0       50         1

        CLASS   BANK2          
                cstackBANK2                         148      148        E         1
                dataBANK2                           156      156        9         1
                bssBANK2                            120      120       28         1

        CLASS   BANK3          
                bssBANK3                            1A0      1A0       50         1

        CLASS   BANK4          

        CLASS   BANK5          

        CLASS   BANK6          

        CLASS   BIGRAM         

        CLASS   RAM            

        CLASS   ABS1           
                abs_s1                               7E       7E        2         1

        CLASS   SFR0           

        CLASS   SFR1           

        CLASS   SFR2           

        CLASS   SFR3           

        CLASS   SFR4           

        CLASS   SFR5           

        CLASS   SFR6           

        CLASS   SFR7           

        CLASS   SFR8           

        CLASS   SFR9           

        CLASS   SFR10          

        CLASS   SFR11          

        CLASS   SFR12          

        CLASS   SFR13          

        CLASS   SFR14          

        CLASS   SFR15          

        CLASS   SFR16          

        CLASS   SFR17          

        CLASS   SFR18          

        CLASS   SFR19          

        CLASS   SFR20          

        CLASS   SFR21          

        CLASS   SFR22          

        CLASS   SFR23          

        CLASS   SFR24          

        CLASS   SFR25          

        CLASS   SFR26          

        CLASS   SFR27          

        CLASS   SFR28          

        CLASS   SFR29          

        CLASS   SFR30          

        CLASS   SFR31          

        CLASS   CONFIG         
                config                             8007     8007        2         0

        CLASS   IDLOC          

        CLASS   EEDATA         

        CLASS   BANK31         

        CLASS   BANK30         

        CLASS   BANK29         

        CLASS   BANK28         

        CLASS   BANK27         

        CLASS   BANK26         

        CLASS   BANK25         

        CLASS   BANK24         

        CLASS   BANK23         

        CLASS   BANK22         

        CLASS   BANK21         

        CLASS   BANK20         

        CLASS   BANK19         

        CLASS   BANK18         

        CLASS   BANK17         

        CLASS   BANK16         

        CLASS   BANK15         

        CLASS   BANK14         

        CLASS   BANK13         

        CLASS   BANK12         

        CLASS   BANK11         

        CLASS   BANK10         

        CLASS   BANK9          

        CLASS   BANK8          

        CLASS   BANK7          



SEGMENTS        Name                           Load    Length   Top    Selector   Space  Class     Delta

                reset_vec                      000000  00001B  00001B         0       0  CODE        2
                cstackBANK0                    000020  000050  000070        20       1  BANK0       1
                text36                         00001B  00017A  000195        36       0  CODE        2
                cstackCOMMON                   000070  00000E  00007E        70       1  COMMON      1
                cstackBANK1                    0000A0  000050  0000F0        A0       1  BANK1       1
                bssBANK2                       000120  00003F  00015F       120       1  BANK2       1
                bssBANK3                       0001A0  000050  0001F0       1A0       1  BANK3       1
                text18                         000195  00064D  0007E2       32A       0  CODE        2
                cinit                          0007E2  000040  000822       FC4       0  CODE        2
                text1                          000822  00009F  0008C1      1044       0  CODE        2
                maintext                       0008C1  0000FD  0009BE      1182       0  CODE        2
                text31                         0009BE  0001E1  000B9F      137C       0  CODE        2
                text33                         000B9F  000218  000DB7      173E       0  CODE        2
                text16                         000DB7  000249  001000      1B6E       0  CODE        2
                text26                         001002  000001  001003      2004       0  CODE        2
                text10                         001003  00000D  001010      2006       0  CODE        2
                text44                         001010  00002A  00103A      2020       0  CODE        2
                text14                         00103A  00002C  001066      2074       0  CODE        2
                text15                         001066  00002D  001093      20CC       0  CODE        2
                text7                          001093  000043  0010D6      2126       0  CODE        2
                text37                         0010D6  000045  00111B      21AC       0  CODE        2
                text35                         00111B  000048  001163      2236       0  CODE        2
                text25                         001163  00004C  0011AF      22C6       0  CODE        2
                text17                         0011AF  00004E  0011FD      235E       0  CODE        2
                text50                         0011FD  00004F  00124C      23FA       0  CODE        2
                text22                         00124C  00004F  00129B      2498       0  CODE        2
                text51                         00129B  000050  0012EB      2536       0  CODE        2
                text38                         0012EB  000051  00133C      25D6       0  CODE        2
                text29                         00133C  000065  0013A1      2678       0  CODE        2
                text28                         0013A1  000078  001419      2742       0  CODE        2
                text52                         001419  00007B  001494      2832       0  CODE        2
                text45                         001494  000080  001514      2928       0  CODE        2
                text12                         001514  000095  0015A9      2A28       0  CODE        2
                text39                         0015A9  00009F  001648      2B52       0  CODE        2
                text27                         001648  0000D2  00171A      2C90       0  CODE        2
                text11                         00171A  0000E6  001800      2E34       0  CODE        2
                stringtext1                    001800  000048  001848      3000       0  STRCODE     2
                text3                          001E0E  000004  001E12      3C1C       0  CODE        2
                clrtext                        001E12  000006  001E18      3C24       0  CODE        2
                inittext                       001E18  000006  001E1E      3C30       0  CODE        2
                text5                          001E1E  000007  001E25      3C3C       0  CODE        2
                text49                         001E25  000008  001E2D      3C4A       0  CODE        2
                text8                          001E2D  000008  001E35      3C5A       0  CODE        2
                text6                          001E35  000008  001E3D      3C6A       0  CODE        2
                text32                         001E3D  000009  001E46      3C7A       0  CODE        2
                idataBANK2                     001E46  000009  001E4F      3C8C       0  CODE        2
                text9                          001E4F  00000B  001E5A      3C9E       0  CODE        2
                text2                          001E5A  00000C  001E66      3CB4       0  CODE        2
                text53                         001E66  00000D  001E73      3CCC       0  CODE        2
                text46                         001E73  000013  001E86      3CE6       0  CODE        2
                text48                         001E86  000015  001E9B      3D0C       0  CODE        2
                text47                         001E9B  000016  001EB1      3D36       0  CODE        2
                text54                         001EB1  000017  001EC8      3D62       0  CODE        2
                text41                         001EC8  000017  001EDF      3D90       0  CODE        2
                text20                         001EDF  000017  001EF6      3DBE       0  CODE        2
                text23                         001EF6  000018  001F0E      3DEC       0  CODE        2
                text43                         001F0E  00001A  001F28      3E1C       0  CODE        2
                text42                         001F28  00001B  001F43      3E50       0  CODE        2
                text40                         001F43  00001C  001F5F      3E86       0  CODE        2
                text30                         001F5F  00001D  001F7C      3EBE       0  CODE        2
                text34                         001F7C  00001F  001F9B      3EF8       0  CODE        2
                text21                         001F9B  00001F  001FBA      3F36       0  CODE        2
                text19                         001FBA  000021  001FDB      3F74       0  CODE        2
                text24                         001FDB  000025  002000      3FB6       0  CODE        2
                config                         008007  000002  008009     1000E       0  CONFIG      2


UNUSED ADDRESS RANGES

        Name                Unused          Largest block    Delta
        BANK2            0015F-0016F              11           1
        BANK4            00220-0026F              50           1
        BANK5            002A0-002EF              50           1
        BANK6            00320-0032F              10           1
        BIGRAM           02000-021EF             1F0           1
        CODE             01000-01001               2           2
                         01848-01E0D             5C6
        CONST            01000-01001               2           2
                         01848-01E0D             100
        EEDATA           0F000-0F0FF             100           2
        ENTRY            01000-01001               2           2
                         01848-01E0D             100
        IDLOC            08000-08003               4           2
        RAM              0015F-0016F              11           1
                         00220-0026F              50
                         002A0-002EF              50
                         00320-0032F              10
        SFR0             00000-0001F              20           1
        SFR1             00080-0009F              20           1
        SFR10            00500-0056F              70           1
        SFR11            00580-005EF              70           1
        SFR12            00600-0066F              70           1
        SFR13            00680-006EF              70           1
        SFR14            00700-0076F              70           1
        SFR15            00780-007EF              70           1
        SFR16            00800-0086F              70           1
        SFR17            00880-008EF              70           1
        SFR18            00900-0096F              70           1
        SFR19            00980-009EF              70           1
        SFR2             00100-0011F              20           1
        SFR20            00A00-00A6F              70           1
        SFR21            00A80-00AEF              70           1
        SFR22            00B00-00B6F              70           1
        SFR23            00B80-00BEF              70           1
        SFR24            00C00-00C6F              70           1
        SFR25            00C80-00CEF              70           1
        SFR26            00D00-00D6F              70           1
        SFR27            00D80-00DEF              70           1
        SFR28            00E00-00E6F              70           1
        SFR29            00E80-00EEF              70           1
        SFR3             00180-0019F              20           1
        SFR30            00F00-00F6F              70           1
        SFR31            00F80-00FEF              70           1
        SFR4             00200-0021F              20           1
        SFR5             00280-0029F              20           1
        SFR6             00300-0031F              20           1
        SFR7             00380-003EF              70           1
        SFR8             00400-0046F              70           1
        SFR9             00480-004EF              70           1
        STACK            02140-021EF              B0           1
        STRCODE          01000-01001               2           2
                         01848-01E0D             5C6
        STRING           01000-01001               2           2
                         01848-01E0D             100

                                  Symbol Table

?_ADC_GetConversion              cstackCOMMON 00070
?__Umul8_16                      cstackCOMMON 00070
?___awdiv                        cstackBANK0  00020
?___awmod                        cstackBANK0  00020
?___fladd                        cstackBANK0  0003A
?___fldiv                        cstackCOMMON 00070
?___flmul                        cstackBANK0  00020
?___flneg                        cstackCOMMON 00070
?___flsub                        cstackBANK0  0004E
?___fltol                        cstackCOMMON 00070
?___fpclassifyf                  cstackCOMMON 00070
?___wmul                         cstackCOMMON 00070
?___xxtofl                       cstackCOMMON 00070
?_atoi                           cstackCOMMON 00076
?_efgtoa                         cstackBANK0  00056
?_floorf                         cstackBANK0  0002D
?_isdigit                        cstackCOMMON 00070
?_isspace                        cstackCOMMON 00070
?_isupper                        cstackCOMMON 00070
?_pad                            cstackBANK0  00024
?_sprintf                        cstackBANK1  000E6
?_strlen                         cstackCOMMON 00070
?_strncmp                        cstackCOMMON 00070
?_tolower                        cstackCOMMON 00076
?_vfpfcnvrt                      cstackBANK0  0005F
?_vfprintf                       cstackBANK0  00067
ADC_GetConversion@channel        cstackCOMMON 00073
ADC_SelectChannel@channel        cstackCOMMON 00071
EnviarDato_UART@DT               cstackCOMMON 00070
EnviarTexto_UART@st_pt           cstackCOMMON 00072
Lcd_Cmd@a                        cstackCOMMON 00072
Lcd_Port@a                       cstackCOMMON 00070
Lcd_Set_Cursor@a                 cstackCOMMON 00076
Lcd_Set_Cursor@b                 cstackCOMMON 00073
Lcd_Set_Cursor@temp              cstackCOMMON 00079
Lcd_Set_Cursor@y                 cstackCOMMON 00078
Lcd_Set_Cursor@z                 cstackCOMMON 00077
Lcd_Write_Char@a                 cstackCOMMON 00074
Lcd_Write_Char@temp              cstackCOMMON 00072
Lcd_Write_Char@y                 cstackCOMMON 00073
Lcd_Write_String@a               cstackCOMMON 00075
Lcd_Write_String@i               cstackCOMMON 00078
Lcd_float@s                      cstackBANK2  00151
Lcd_float@valorf                 cstackBANK1  000EC
_ADCON0                          (abs)        0009D
_ADCON0bits                      (abs)        0009D
_ADCON1                          (abs)        0009E
_ADC_GetConversion               text54       01EB1
_ADC_Initialize                  text6        01E35
_ADC_SelectChannel               text53       01E66
_ADRESH                          (abs)        0009C
_ADRESL                          (abs)        0009B
_ANSELA                          (abs)        0018C
_ANSELB                          (abs)        0018D
_ANSELD                          (abs)        0018F
_ANSELE                          (abs)        00190
_APFCON                          (abs)        0011D
_AlarmaS1                        bssBANK2     00134
_AlarmaS2                        bssBANK2     00130
_Arreglo                         dataBANK2    00156
_BORCON                          (abs)        00116
_BRG16                           (abs)        00CFB
_ComprobarALarmaS1               text51       0129B
_ComprobarALarmaS2               text50       011FD
_EnviarDato_UART                 text49       01E25
_EnviarTexto_UART                text48       01E86
_Imprimir_LCD                    text11       0171A
_Iniciar_Puertos                 text10       01003
_Iniciar_UART                    text9        01E4F
_LATA                            (abs)        0010C
_LATB                            (abs)        0010D
_LATC                            (abs)        0010E
_LATD                            (abs)        0010F
_LATE                            (abs)        00110
_LM335                           bssBANK2     0012C
_Lcd_Clear                       text8        01E2D
_Lcd_Cmd                         text46       01E73
_Lcd_Init                        text7        01093
_Lcd_Port                        text47       01E9B
_Lcd_Set_Cursor                  text45       01494
_Lcd_Write_Char                  text44       01010
_Lcd_Write_String                text43       01F0E
_Lcd_float                       text13       00004
_OPTION_REGbits                  (abs)        00095
_OSCCON                          (abs)        00099
_OSCILLATOR_Initialize           text5        01E1E
_OSCTUNE                         (abs)        00098
_PIN_MANAGER_Initialize          text4        00800
_PORTC                           (abs)        0000E
_PORTCbits                       (abs)        0000E
_PORTD                           (abs)        0000F
_PT100                           bssBANK2     00128
_RCSTAbits                       (abs)        0019D
_RD2                             (abs)        0007A
_RD3                             (abs)        0007B
_RD4                             (abs)        0007C
_RD5                             (abs)        0007D
_RD6                             (abs)        0007E
_RD7                             (abs)        0007F
_SPBRG                           (abs)        0019B
_SYSTEM_Initialize               text2        01E5A
_TRISA                           (abs)        0008C
_TRISB                           (abs)        0008D
_TRISC                           (abs)        0008E
_TRISCbits                       (abs)        0008E
_TRISD                           (abs)        0008F
_TRISE                           (abs)        00090
_TXIF                            (abs)        0008C
_TXREG                           (abs)        0019A
_TXSTAbits                       (abs)        0019E
_ValorADC                        bssBANK2     00144
_WDTCON                          (abs)        00097
_WDT_Initialize                  text3        01E0E
_WPUB                            (abs)        0020D
_WPUE                            (abs)        00210
__CFG_BOREN$ON                   (abs)        00000
__CFG_BORV$LO                    (abs)        00000
__CFG_CLKOUTEN$OFF               (abs)        00000
__CFG_CP$OFF                     (abs)        00000
__CFG_CPD$OFF                    (abs)        00000
__CFG_FCMEN$ON                   (abs)        00000
__CFG_FOSC$INTOSC                (abs)        00000
__CFG_IESO$ON                    (abs)        00000
__CFG_LVP$ON                     (abs)        00000
__CFG_MCLRE$ON                   (abs)        00000
__CFG_PLLEN$OFF                  (abs)        00000
__CFG_PWRTE$OFF                  (abs)        00000
__CFG_STVREN$ON                  (abs)        00000
__CFG_VCAPEN$OFF                 (abs)        00000
__CFG_WDTE$OFF                   (abs)        00000
__CFG_WRT$OFF                    (abs)        00000
__Habs1                          abs1         00000
__Hbank0                         bank0        00000
__Hbank1                         bank1        00000
__Hbank10                        bank10       00000
__Hbank11                        bank11       00000
__Hbank12                        bank12       00000
__Hbank13                        bank13       00000
__Hbank14                        bank14       00000
__Hbank15                        bank15       00000
__Hbank16                        bank16       00000
__Hbank17                        bank17       00000
__Hbank18                        bank18       00000
__Hbank19                        bank19       00000
__Hbank2                         bank2        00000
__Hbank20                        bank20       00000
__Hbank21                        bank21       00000
__Hbank22                        bank22       00000
__Hbank23                        bank23       00000
__Hbank24                        bank24       00000
__Hbank25                        bank25       00000
__Hbank26                        bank26       00000
__Hbank27                        bank27       00000
__Hbank28                        bank28       00000
__Hbank29                        bank29       00000
__Hbank3                         bank3        00000
__Hbank30                        bank30       00000
__Hbank31                        bank31       00000
__Hbank4                         bank4        00000
__Hbank5                         bank5        00000
__Hbank6                         bank6        00000
__Hbank7                         bank7        00000
__Hbank8                         bank8        00000
__Hbank9                         bank9        00000
__Hbigram                        bigram       00000
__HbssBANK2                      bssBANK2     00000
__HbssBANK3                      bssBANK3     00000
__Hcinit                         cinit        00800
__Hclrtext                       clrtext      00000
__Hcode                          code         00000
__Hcommon                        common       00000
__Hconfig                        config       08009
__HcstackBANK0                   cstackBANK0  00000
__HcstackBANK1                   cstackBANK1  00000
__HcstackBANK2                   cstackBANK2  00000
__HcstackCOMMON                  cstackCOMMON 00000
__HdataBANK2                     dataBANK2    00000
__Heeprom_data                   eeprom_data  00000
__Hend_init                      end_init     00004
__Hfunctab                       functab      00000
__HidataBANK2                    idataBANK2   00000
__Hidloc                         idloc        00000
__Hinit                          init         00002
__Hinittext                      inittext     00000
__Hintentry                      intentry     00002
__Hmaintext                      maintext     00000
__Hpowerup                       powerup      00000
__Hram                           ram          00000
__Hreset_vec                     reset_vec    00002
__Hsfr0                          sfr0         00000
__Hsfr1                          sfr1         00000
__Hsfr10                         sfr10        00000
__Hsfr11                         sfr11        00000
__Hsfr12                         sfr12        00000
__Hsfr13                         sfr13        00000
__Hsfr14                         sfr14        00000
__Hsfr15                         sfr15        00000
__Hsfr16                         sfr16        00000
__Hsfr17                         sfr17        00000
__Hsfr18                         sfr18        00000
__Hsfr19                         sfr19        00000
__Hsfr2                          sfr2         00000
__Hsfr20                         sfr20        00000
__Hsfr21                         sfr21        00000
__Hsfr22                         sfr22        00000
__Hsfr23                         sfr23        00000
__Hsfr24                         sfr24        00000
__Hsfr25                         sfr25        00000
__Hsfr26                         sfr26        00000
__Hsfr27                         sfr27        00000
__Hsfr28                         sfr28        00000
__Hsfr29                         sfr29        00000
__Hsfr3                          sfr3         00000
__Hsfr30                         sfr30        00000
__Hsfr31                         sfr31        00000
__Hsfr4                          sfr4         00000
__Hsfr5                          sfr5         00000
__Hsfr6                          sfr6         00000
__Hsfr7                          sfr7         00000
__Hsfr8                          sfr8         00000
__Hsfr9                          sfr9         00000
__Hspace_0                       (abs)        08009
__Hspace_1                       (abs)        001F0
__Hspace_2                       (abs)        00000
__Hspace_3                       (abs)        00000
__Hstack                         stack        00000
__Hstrings                       strings      00000
__Hstringtext1                   stringtext1  00000
__Hstringtext10                  stringtext10 00000
__Hstringtext11                  stringtext11 00000
__Hstringtext12                  stringtext12 00000
__Hstringtext13                  stringtext13 00000
__Hstringtext14                  stringtext14 00000
__Hstringtext15                  stringtext15 00000
__Hstringtext16                  stringtext16 00000
__Hstringtext2                   stringtext2  00000
__Hstringtext3                   stringtext3  00000
__Hstringtext4                   stringtext4  00000
__Hstringtext5                   stringtext5  00000
__Hstringtext6                   stringtext6  00000
__Hstringtext7                   stringtext7  00000
__Hstringtext8                   stringtext8  00000
__Hstringtext9                   stringtext9  00000
__Htext                          text         00000
__Labs1                          abs1         00000
__Lbank0                         bank0        00000
__Lbank1                         bank1        00000
__Lbank10                        bank10       00000
__Lbank11                        bank11       00000
__Lbank12                        bank12       00000
__Lbank13                        bank13       00000
__Lbank14                        bank14       00000
__Lbank15                        bank15       00000
__Lbank16                        bank16       00000
__Lbank17                        bank17       00000
__Lbank18                        bank18       00000
__Lbank19                        bank19       00000
__Lbank2                         bank2        00000
__Lbank20                        bank20       00000
__Lbank21                        bank21       00000
__Lbank22                        bank22       00000
__Lbank23                        bank23       00000
__Lbank24                        bank24       00000
__Lbank25                        bank25       00000
__Lbank26                        bank26       00000
__Lbank27                        bank27       00000
__Lbank28                        bank28       00000
__Lbank29                        bank29       00000
__Lbank3                         bank3        00000
__Lbank30                        bank30       00000
__Lbank31                        bank31       00000
__Lbank4                         bank4        00000
__Lbank5                         bank5        00000
__Lbank6                         bank6        00000
__Lbank7                         bank7        00000
__Lbank8                         bank8        00000
__Lbank9                         bank9        00000
__Lbigram                        bigram       00000
__LbssBANK2                      bssBANK2     00000
__LbssBANK3                      bssBANK3     00000
__Lcinit                         cinit        007E2
__Lclrtext                       clrtext      00000
__Lcode                          code         00000
__Lcommon                        common       00000
__Lconfig                        config       08007
__LcstackBANK0                   cstackBANK0  00000
__LcstackBANK1                   cstackBANK1  00000
__LcstackBANK2                   cstackBANK2  00000
__LcstackCOMMON                  cstackCOMMON 00000
__LdataBANK2                     dataBANK2    00000
__Leeprom_data                   eeprom_data  00000
__Lend_init                      end_init     00002
__Lfunctab                       functab      00000
__LidataBANK2                    idataBANK2   00000
__Lidloc                         idloc        00000
__Linit                          init         00002
__Linittext                      inittext     00000
__Lintentry                      intentry     00002
__Lmaintext                      maintext     00000
__Lpowerup                       powerup      00000
__Lram                           ram          00000
__Lreset_vec                     reset_vec    00000
__Lsfr0                          sfr0         00000
__Lsfr1                          sfr1         00000
__Lsfr10                         sfr10        00000
__Lsfr11                         sfr11        00000
__Lsfr12                         sfr12        00000
__Lsfr13                         sfr13        00000
__Lsfr14                         sfr14        00000
__Lsfr15                         sfr15        00000
__Lsfr16                         sfr16        00000
__Lsfr17                         sfr17        00000
__Lsfr18                         sfr18        00000
__Lsfr19                         sfr19        00000
__Lsfr2                          sfr2         00000
__Lsfr20                         sfr20        00000
__Lsfr21                         sfr21        00000
__Lsfr22                         sfr22        00000
__Lsfr23                         sfr23        00000
__Lsfr24                         sfr24        00000
__Lsfr25                         sfr25        00000
__Lsfr26                         sfr26        00000
__Lsfr27                         sfr27        00000
__Lsfr28                         sfr28        00000
__Lsfr29                         sfr29        00000
__Lsfr3                          sfr3         00000
__Lsfr30                         sfr30        00000
__Lsfr31                         sfr31        00000
__Lsfr4                          sfr4         00000
__Lsfr5                          sfr5         00000
__Lsfr6                          sfr6         00000
__Lsfr7                          sfr7         00000
__Lsfr8                          sfr8         00000
__Lsfr9                          sfr9         00000
__Lspace_0                       (abs)        00000
__Lspace_1                       (abs)        00000
__Lspace_2                       (abs)        00000
__Lspace_3                       (abs)        00000
__Lstack                         stack        00000
__Lstrings                       strings      00000
__Lstringtext1                   stringtext1  00000
__Lstringtext10                  stringtext10 00000
__Lstringtext11                  stringtext11 00000
__Lstringtext12                  stringtext12 00000
__Lstringtext13                  stringtext13 00000
__Lstringtext14                  stringtext14 00000
__Lstringtext15                  stringtext15 00000
__Lstringtext16                  stringtext16 00000
__Lstringtext2                   stringtext2  00000
__Lstringtext3                   stringtext3  00000
__Lstringtext4                   stringtext4  00000
__Lstringtext5                   stringtext5  00000
__Lstringtext6                   stringtext6  00000
__Lstringtext7                   stringtext7  00000
__Lstringtext8                   stringtext8  00000
__Lstringtext9                   stringtext9  00000
__Ltext                          text         00000
__S0                             (abs)        08009
__S1                             (abs)        001F0
__S2                             (abs)        00000
__S3                             (abs)        00000
__Umul8_16                       text34       01F7C
__Umul8_16@multiplicand          cstackCOMMON 00070
__Umul8_16@multiplier            cstackCOMMON 00078
__Umul8_16@product               cstackCOMMON 00074
__Umul8_16@word_mpld             cstackCOMMON 00076
___awdiv                         text38       012EB
___awdiv@counter                 cstackBANK0  00024
___awdiv@dividend                cstackBANK0  00022
___awdiv@divisor                 cstackBANK0  00020
___awdiv@quotient                cstackBANK0  00026
___awdiv@sign                    cstackBANK0  00025
___awmod                         text37       010D6
___awmod@counter                 cstackCOMMON 0007C
___awmod@dividend                cstackBANK0  00022
___awmod@divisor                 cstackBANK0  00020
___awmod@sign                    cstackCOMMON 0007D
___fladd                         text31       009BE
___fladd@a                       cstackBANK0  0003E
___fladd@aexp                    cstackBANK0  0004B
___fladd@b                       cstackBANK0  0003A
___fladd@bexp                    cstackBANK0  0004C
___fladd@grs                     cstackBANK0  0004D
___fladd@signs                   cstackBANK0  0004A
___fldiv                         text36       0001B
___fldiv@a                       cstackCOMMON 00070
___fldiv@aexp                    cstackBANK0  0002C
___fldiv@b                       cstackCOMMON 00074
___fldiv@bexp                    cstackBANK0  0002B
___fldiv@grs                     cstackBANK0  00027
___fldiv@new_exp                 cstackBANK0  00025
___fldiv@rem                     cstackBANK0  00020
___fldiv@sign                    cstackBANK0  00024
___fleq                          text35       0111B
___fleq@ff1                      cstackCOMMON 00070
___fleq@ff2                      cstackCOMMON 00074
___flge                          text52       01419
___flge@ff1                      cstackBANK0  0003A
___flge@ff2                      cstackBANK0  0003E
___flmul                         text33       00B9F
___flmul@a                       cstackBANK0  00024
___flmul@aexp                    cstackBANK0  0002E
___flmul@b                       cstackBANK0  00020
___flmul@bexp                    cstackBANK0  00033
___flmul@grs                     cstackBANK0  0002F
___flmul@prod                    cstackBANK0  00034
___flmul@sign                    cstackBANK0  0002D
___flmul@temp                    cstackBANK0  00038
___flneg                         text32       01E3D
___flneg@f1                      cstackCOMMON 00070
___flsub                         text30       01F5F
___flsub@a                       cstackBANK0  0004E
___flsub@b                       cstackBANK0  00052
___fltol                         text29       0133C
___fltol@exp1                    cstackCOMMON 0007A
___fltol@f1                      cstackCOMMON 00070
___fltol@sign1                   cstackCOMMON 00079
___fpclassifyf                   text28       013A1
___fpclassifyf@F463              bssBANK2     00124
___fpclassifyf@e                 cstackBANK0  00020
___fpclassifyf@u                 cstackBANK0  00022
___fpclassifyf@x                 cstackCOMMON 00070
___int_sp                        stack        00000
___latbits                       (abs)        00002
___sp                            stack        00000
___stackhi                       (abs)        021EF
___stacklo                       (abs)        02140
___wmul                          text42       01F28
___wmul@multiplicand             cstackCOMMON 00072
___wmul@multiplier               cstackCOMMON 00070
___wmul@product                  cstackCOMMON 00074
___xxtofl                        text12       01514
___xxtofl@arg                    cstackCOMMON 0007A
___xxtofl@exp                    cstackCOMMON 00079
___xxtofl@sign                   cstackCOMMON 00078
___xxtofl@val                    cstackCOMMON 00070
__end_of_ADC_GetConversion       text54       01EC8
__end_of_ADC_Initialize          text6        01E3D
__end_of_ADC_SelectChannel       text53       01E73
__end_of_ComprobarALarmaS1       text51       012EB
__end_of_ComprobarALarmaS2       text50       0124C
__end_of_EnviarDato_UART         text49       01E2D
__end_of_EnviarTexto_UART        text48       01E9B
__end_of_Imprimir_LCD            text11       01800
__end_of_Iniciar_Puertos         text10       01010
__end_of_Iniciar_UART            text9        01E5A
__end_of_Lcd_Clear               text8        01E35
__end_of_Lcd_Cmd                 text46       01E86
__end_of_Lcd_Init                text7        010D6
__end_of_Lcd_Port                text47       01EB1
__end_of_Lcd_Set_Cursor          text45       01514
__end_of_Lcd_Write_Char          text44       0103A
__end_of_Lcd_Write_String        text43       01F28
__end_of_Lcd_float               text13       0001B
__end_of_OSCILLATOR_Initialize   text5        01E25
__end_of_PIN_MANAGER_Initialize  text4        00822
__end_of_SYSTEM_Initialize       text2        01E66
__end_of_WDT_Initialize          text3        01E12
__end_of__Umul8_16               text34       01F9B
__end_of___awdiv                 text38       0133C
__end_of___awmod                 text37       0111B
__end_of___fladd                 text31       00B9F
__end_of___fldiv                 text36       00195
__end_of___fleq                  text35       01163
__end_of___flge                  text52       01494
__end_of___flmul                 text33       00DB7
__end_of___flneg                 text32       01E46
__end_of___flsub                 text30       01F7C
__end_of___fltol                 text29       013A1
__end_of___fpclassifyf           text28       01419
__end_of___wmul                  text42       01F43
__end_of___xxtofl                text12       015A9
__end_of__initialization         cinit        007FD
__end_of_atoi                    text39       01648
__end_of_efgtoa                  text18       007E2
__end_of_floorf                  text27       0171A
__end_of_fputc                   text25       011AF
__end_of_fputs                   text24       02000
__end_of_informacion             text1        008C1
__end_of_isdigit                 text41       01EDF
__end_of_isspace                 text40       01F5F
__end_of_isupper                 text20       01EF6
__end_of_main                    maintext     009BE
__end_of_pad                     text22       0129B
__end_of_putch                   text26       01003
__end_of_sprintf                 text14       01066
__end_of_strcpy                  text21       01FBA
__end_of_strlen                  text23       01F0E
__end_of_strncmp                 text17       011FD
__end_of_tolower                 text19       01FDB
__end_of_vfpfcnvrt               text16       01000
__end_of_vfprintf                text15       01093
__initialization                 cinit        007E2
__pbssBANK2                      bssBANK2     00120
__pbssBANK3                      bssBANK3     001A0
__pcstackBANK0                   cstackBANK0  00020
__pcstackBANK1                   cstackBANK1  000A0
__pcstackBANK2                   cstackBANK2  00148
__pcstackCOMMON                  cstackCOMMON 00070
__pdataBANK2                     dataBANK2    00156
__pidataBANK2                    idataBANK2   01E46
__pmaintext                      maintext     008C1
__pstringtext1                   stringtext1  01800
__pstringtext10                  stringtext10 01831
__pstringtext11                  stringtext11 01835
__pstringtext12                  stringtext12 01839
__pstringtext13                  stringtext13 0183D
__pstringtext14                  stringtext14 01841
__pstringtext15                  stringtext15 01845
__pstringtext16                  stringtext16 00000
__pstringtext2                   stringtext2  01808
__pstringtext3                   stringtext3  0180E
__pstringtext4                   stringtext4  01814
__pstringtext5                   stringtext5  0181A
__pstringtext6                   stringtext6  01820
__pstringtext7                   stringtext7  01825
__pstringtext8                   stringtext8  01829
__pstringtext9                   stringtext9  0182D
__ptext1                         text1        00822
__ptext10                        text10       01003
__ptext11                        text11       0171A
__ptext12                        text12       01514
__ptext13                        text13       00004
__ptext14                        text14       0103A
__ptext15                        text15       01066
__ptext16                        text16       00DB7
__ptext17                        text17       011AF
__ptext18                        text18       00195
__ptext19                        text19       01FBA
__ptext2                         text2        01E5A
__ptext20                        text20       01EDF
__ptext21                        text21       01F9B
__ptext22                        text22       0124C
__ptext23                        text23       01EF6
__ptext24                        text24       01FDB
__ptext25                        text25       01163
__ptext26                        text26       01002
__ptext27                        text27       01648
__ptext28                        text28       013A1
__ptext29                        text29       0133C
__ptext3                         text3        01E0E
__ptext30                        text30       01F5F
__ptext31                        text31       009BE
__ptext32                        text32       01E3D
__ptext33                        text33       00B9F
__ptext34                        text34       01F7C
__ptext35                        text35       0111B
__ptext36                        text36       0001B
__ptext37                        text37       010D6
__ptext38                        text38       012EB
__ptext39                        text39       015A9
__ptext4                         text4        00800
__ptext40                        text40       01F43
__ptext41                        text41       01EC8
__ptext42                        text42       01F28
__ptext43                        text43       01F0E
__ptext44                        text44       01010
__ptext45                        text45       01494
__ptext46                        text46       01E73
__ptext47                        text47       01E9B
__ptext48                        text48       01E86
__ptext49                        text49       01E25
__ptext5                         text5        01E1E
__ptext50                        text50       011FD
__ptext51                        text51       0129B
__ptext52                        text52       01419
__ptext53                        text53       01E66
__ptext54                        text54       01EB1
__ptext6                         text6        01E35
__ptext7                         text7        01093
__ptext8                         text8        01E2D
__ptext9                         text9        01E4F
__size_of_ADC_GetConversion      (abs)        00000
__size_of_ADC_Initialize         (abs)        00000
__size_of_ADC_SelectChannel      (abs)        00000
__size_of_ComprobarALarmaS1      (abs)        00000
__size_of_ComprobarALarmaS2      (abs)        00000
__size_of_EnviarDato_UART        (abs)        00000
__size_of_EnviarTexto_UART       (abs)        00000
__size_of_Imprimir_LCD           (abs)        00000
__size_of_Iniciar_Puertos        (abs)        00000
__size_of_Iniciar_UART           (abs)        00000
__size_of_Lcd_Clear              (abs)        00000
__size_of_Lcd_Cmd                (abs)        00000
__size_of_Lcd_Init               (abs)        00000
__size_of_Lcd_Port               (abs)        00000
__size_of_Lcd_Set_Cursor         (abs)        00000
__size_of_Lcd_Write_Char         (abs)        00000
__size_of_Lcd_Write_String       (abs)        00000
__size_of_Lcd_float              (abs)        00000
__size_of_OSCILLATOR_Initialize  (abs)        00000
__size_of_PIN_MANAGER_Initialize (abs)        00000
__size_of_SYSTEM_Initialize      (abs)        00000
__size_of_WDT_Initialize         (abs)        00000
__size_of__Umul8_16              (abs)        00000
__size_of___awdiv                (abs)        00000
__size_of___awmod                (abs)        00000
__size_of___fladd                (abs)        00000
__size_of___fldiv                (abs)        00000
__size_of___fleq                 (abs)        00000
__size_of___flge                 (abs)        00000
__size_of___flmul                (abs)        00000
__size_of___flneg                (abs)        00000
__size_of___flsub                (abs)        00000
__size_of___fltol                (abs)        00000
__size_of___fpclassifyf          (abs)        00000
__size_of___wmul                 (abs)        00000
__size_of___xxtofl               (abs)        00000
__size_of_atoi                   (abs)        00000
__size_of_efgtoa                 (abs)        00000
__size_of_floorf                 (abs)        00000
__size_of_fputc                  (abs)        00000
__size_of_fputs                  (abs)        00000
__size_of_informacion            (abs)        00000
__size_of_isdigit                (abs)        00000
__size_of_isspace                (abs)        00000
__size_of_isupper                (abs)        00000
__size_of_main                   (abs)        00000
__size_of_pad                    (abs)        00000
__size_of_putch                  (abs)        00000
__size_of_sprintf                (abs)        00000
__size_of_strcpy                 (abs)        00000
__size_of_strlen                 (abs)        00000
__size_of_strncmp                (abs)        00000
__size_of_tolower                (abs)        00000
__size_of_vfpfcnvrt              (abs)        00000
__size_of_vfprintf               (abs)        00000
_atoi                            text39       015A9
_atoi$1038                       cstackBANK0  00022
_atoi$1039                       cstackBANK0  00026
_atoi$1040                       cstackBANK0  00024
_dbuf                            bssBANK3     001A0
_efgtoa                          text18       00195
_efgtoa$699                      cstackBANK1  000A4
_efgtoa$700                      cstackBANK1  000A6
_efgtoa$705                      cstackBANK1  000A8
_efgtoa$709                      cstackBANK1  000AA
_efgtoa$710                      cstackBANK1  000AC
_efgtoa$711                      cstackBANK1  000AE
_estadoSwitch                    bssBANK2     00140
_flags                           bssBANK2     0013E
_floorf                          text27       01648
_fputc                           text25       01163
_fputs                           text24       01FDB
_informacion                     text1        00822
_isdigit                         text41       01EC8
_isspace                         text40       01F43
_isspace$1069                    cstackCOMMON 00074
_isupper                         text20       01EDF
_main                            maintext     008C1
_nout                            bssBANK2     00138
_pad                             text22       0124C
_prec                            bssBANK2     0013C
_putch                           text26       01002
_sprintf                         text14       0103A
_strcpy                          text21       01F9B
_strlen                          text23       01EF6
_strncmp                         text17       011AF
_tolower                         text19       01FBA
_tolower$1154                    cstackCOMMON 0007C
_vfpfcnvrt                       text16       00DB7
_vfpfcnvrt$725                   cstackBANK1  000D9
_vfpfcnvrt$729                   cstackBANK1  000DB
_vfprintf                        text15       01066
_width                           bssBANK2     0013A
atoi@n                           cstackBANK0  00027
atoi@neg                         cstackBANK0  00020
atoi@s                           cstackCOMMON 00076
btemp                            (abs)        0007E
clear_ram0                       clrtext      01E12
efgtoa@c                         cstackBANK0  0005A
efgtoa@d                         cstackBANK1  000B8
efgtoa@e                         cstackBANK1  000D1
efgtoa@f                         cstackBANK0  00056
efgtoa@fp                        cstackBANK1  000BC
efgtoa@g                         cstackBANK1  000CD
efgtoa@h                         cstackBANK1  000C3
efgtoa@i                         cstackBANK1  000CB
efgtoa@l                         cstackBANK1  000C7
efgtoa@m                         cstackBANK1  000B4
efgtoa@mode                      cstackBANK1  000C2
efgtoa@n                         cstackBANK1  000D3
efgtoa@ne                        cstackBANK1  000B6
efgtoa@nmode                     cstackBANK1  000BF
efgtoa@ou                        cstackBANK1  000A0
efgtoa@p                         cstackBANK1  000BD
efgtoa@pp                        cstackBANK1  000B2
efgtoa@sign                      cstackBANK1  000BA
efgtoa@t                         cstackBANK1  000B0
efgtoa@u                         cstackBANK1  000D5
efgtoa@w                         cstackBANK1  000C0
end_of_initialization            cinit        007FD
floorf@F524                      bssBANK2     00120
floorf@e                         cstackBANK0  0003B
floorf@m                         cstackBANK0  00037
floorf@u                         cstackBANK0  0003D
floorf@x                         cstackBANK0  0002D
fputc@c                          cstackCOMMON 00070
fputc@fp                         cstackCOMMON 00072
fputs@c                          cstackBANK0  00020
fputs@fp                         cstackCOMMON 00078
fputs@i                          cstackBANK0  00021
fputs@s                          cstackBANK0  00023
init_ram                         inittext     01E18
intlevel0                        functab      00000
intlevel1                        functab      00000
intlevel2                        functab      00000
intlevel3                        functab      00000
intlevel4                        functab      00000
intlevel5                        functab      00000
isdigit@c                        cstackCOMMON 00070
isspace@c                        cstackCOMMON 00070
isupper@c                        cstackCOMMON 00070
pad@buf                          cstackBANK0  00024
pad@fp                           cstackBANK0  0002B
pad@i                            cstackBANK0  00027
pad@p                            cstackBANK0  00025
pad@w                            cstackBANK0  00029
reset_vec                        reset_vec    00000
sprintf@ap                       cstackBANK2  0014B
sprintf@f                        cstackBANK2  0014C
sprintf@fmt                      cstackBANK1  000E6
sprintf@s                        cstackBANK2  0014A
start                            init         00002
start_initialization             cinit        007E2
strcpy@d                         cstackCOMMON 00076
strcpy@dest                      cstackCOMMON 00077
strcpy@s                         cstackCOMMON 00074
strcpy@src                       cstackCOMMON 00070
strlen@a                         cstackCOMMON 00073
strlen@s                         cstackCOMMON 00074
strncmp@_l                       cstackCOMMON 00075
strncmp@_r                       cstackCOMMON 00070
strncmp@l                        cstackCOMMON 00078
strncmp@n                        cstackCOMMON 00072
strncmp@r                        cstackCOMMON 00076
tolower@c                        cstackCOMMON 00076
vfpfcnvrt@ap                     cstackBANK0  00060
vfpfcnvrt@c                      cstackBANK1  000E4
vfpfcnvrt@ct                     cstackBANK1  000E1
vfpfcnvrt@f                      cstackBANK1  000DD
vfpfcnvrt@fmt                    cstackBANK0  0005F
vfpfcnvrt@fp                     cstackBANK1  000E5
vfprintf@ap                      cstackBANK0  00069
vfprintf@cfmt                    cstackBANK0  0006D
vfprintf@fmt                     cstackBANK0  00067
vfprintf@fp                      cstackBANK0  0006C
wtemp0                           (abs)        0007E


FUNCTION INFORMATION:

 *************** function _main *****************
 Defined at:
		line 171 in file "main.c"
 Parameters:    Size  Location     Type
		None
 Auto vars:     Size  Location     Type
		None
 Return value:  Size  Location     Type
                  1    wreg      void 
 Registers used:
		wreg, fsr0l, fsr0h, fsr1l, fsr1h, status,2, status,0, pclath, cstack
 Tracked objects:
		On entry : 
		On exit  : 
		Unchanged: 
 Data sizes:     COMMON   BANK0   BANK1   BANK2   BANK3   BANK4   BANK5   BANK6
      Params:         0       0       0       0       0       0       0       0
      Locals:         0       0       0       0       0       0       0       0
      Temps:          0       0       0       2       0       0       0       0
      Totals:         0       0       0       2       0       0       0       0
Total ram usage:        2 bytes
 Hardware stack levels required when called:   10
 This function calls:
		_ADC_GetConversion
		_ADC_Initialize
		_ADC_SelectChannel
		_ComprobarALarmaS1
		_ComprobarALarmaS2
		_EnviarTexto_UART
		_Imprimir_LCD
		_Iniciar_Puertos
		_Iniciar_UART
		_Lcd_Clear
		_Lcd_Init
		_Lcd_Set_Cursor
		_Lcd_Write_String
		_SYSTEM_Initialize
		___fladd
		___flmul
		___xxtofl
		_informacion
 This function is called by:
		Startup code after reset
 This function uses a non-reentrant model


 *************** function _informacion *****************
 Defined at:
		line 136 in file "main.c"
 Parameters:    Size  Location     Type
		None
 Auto vars:     Size  Location     Type
		None
 Return value:  Size  Location     Type
                  1    wreg      void 
 Registers used:
		wreg, status,2, status,0, pclath, cstack
 Tracked objects:
		On entry : 
		On exit  : 
		Unchanged: 
 Data sizes:     COMMON   BANK0   BANK1   BANK2   BANK3   BANK4   BANK5   BANK6
      Params:         0       0       0       0       0       0       0       0
      Locals:         0       0       0       0       0       0       0       0
      Temps:          0       1       0       0       0       0       0       0
      Totals:         0       1       0       0       0       0       0       0
Total ram usage:        1 bytes
 Hardware stack levels used:    1
 Hardware stack levels required when called:    1
 This function calls:
		___awdiv
		___awmod
		___fltol
 This function is called by:
		_main
 This function uses a non-reentrant model


 *************** function _SYSTEM_Initialize *****************
 Defined at:
		line 50 in file "mcc_generated_files/mcc.c"
 Parameters:    Size  Location     Type
		None
 Auto vars:     Size  Location     Type
		None
 Return value:  Size  Location     Type
                  1    wreg      void 
 Registers used:
		wreg, status,2, status,0, pclath, cstack
 Tracked objects:
		On entry : 
		On exit  : 
		Unchanged: 
 Data sizes:     COMMON   BANK0   BANK1   BANK2   BANK3   BANK4   BANK5   BANK6
      Params:         0       0       0       0       0       0       0       0
      Locals:         0       0       0       0       0       0       0       0
      Temps:          0       0       0       0       0       0       0       0
      Totals:         0       0       0       0       0       0       0       0
Total ram usage:        0 bytes
 Hardware stack levels used:    1
 Hardware stack levels required when called:    1
 This function calls:
		_ADC_Initialize
		_OSCILLATOR_Initialize
		_PIN_MANAGER_Initialize
		_WDT_Initialize
 This function is called by:
		_main
 This function uses a non-reentrant model


 *************** function _WDT_Initialize *****************
 Defined at:
		line 69 in file "mcc_generated_files/mcc.c"
 Parameters:    Size  Location     Type
		None
 Auto vars:     Size  Location     Type
		None
 Return value:  Size  Location     Type
                  1    wreg      void 
 Registers used:
		wreg
 Tracked objects:
		On entry : 
		On exit  : 
		Unchanged: 
 Data sizes:     COMMON   BANK0   BANK1   BANK2   BANK3   BANK4   BANK5   BANK6
      Params:         0       0       0       0       0       0       0       0
      Locals:         0       0       0       0       0       0       0       0
      Temps:          0       0       0       0       0       0       0       0
      Totals:         0       0       0       0       0       0       0       0
Total ram usage:        0 bytes
 Hardware stack levels used:    1
 This function calls:
		Nothing
 This function is called by:
		_SYSTEM_Initialize
 This function uses a non-reentrant model


 *************** function _PIN_MANAGER_Initialize *****************
 Defined at:
		line 55 in file "mcc_generated_files/pin_manager.c"
 Parameters:    Size  Location     Type
		None
 Auto vars:     Size  Location     Type
		None
 Return value:  Size  Location     Type
                  1    wreg      void 
 Registers used:
		wreg, status,2
 Tracked objects:
		On entry : 
		On exit  : 
		Unchanged: 
 Data sizes:     COMMON   BANK0   BANK1   BANK2   BANK3   BANK4   BANK5   BANK6
      Params:         0       0       0       0       0       0       0       0
      Locals:         0       0       0       0       0       0       0       0
      Temps:          0       0       0       0       0       0       0       0
      Totals:         0       0       0       0       0       0       0       0
Total ram usage:        0 bytes
 Hardware stack levels used:    1
 This function calls:
		Nothing
 This function is called by:
		_SYSTEM_Initialize
 This function uses a non-reentrant model


 *************** function _OSCILLATOR_Initialize *****************
 Defined at:
		line 59 in file "mcc_generated_files/mcc.c"
 Parameters:    Size  Location     Type
		None
 Auto vars:     Size  Location     Type
		None
 Return value:  Size  Location     Type
                  1    wreg      void 
 Registers used:
		wreg, status,2
 Tracked objects:
		On entry : 
		On exit  : 
		Unchanged: 
 Data sizes:     COMMON   BANK0   BANK1   BANK2   BANK3   BANK4   BANK5   BANK6
      Params:         0       0       0       0       0       0       0       0
      Locals:         0       0       0       0       0       0       0       0
      Temps:          0       0       0       0       0       0       0       0
      Totals:         0       0       0       0       0       0       0       0
Total ram usage:        0 bytes
 Hardware stack levels used:    1
 This function calls:
		Nothing
 This function is called by:
		_SYSTEM_Initialize
 This function uses a non-reentrant model


 *************** function _ADC_Initialize *****************
 Defined at:
		line 67 in file "mcc_generated_files/adc.c"
 Parameters:    Size  Location     Type
		None
 Auto vars:     Size  Location     Type
		None
 Return value:  Size  Location     Type
                  1    wreg      void 
 Registers used:
		wreg, status,2
 Tracked objects:
		On entry : 
		On exit  : 
		Unchanged: 
 Data sizes:     COMMON   BANK0   BANK1   BANK2   BANK3   BANK4   BANK5   BANK6
      Params:         0       0       0       0       0       0       0       0
      Locals:         0       0       0       0       0       0       0       0
      Temps:          0       0       0       0       0       0       0       0
      Totals:         0       0       0       0       0       0       0       0
Total ram usage:        0 bytes
 Hardware stack levels used:    1
 This function calls:
		Nothing
 This function is called by:
		_SYSTEM_Initialize
		_main
 This function uses a non-reentrant model


 *************** function _Lcd_Init *****************
 Defined at:
		line 74 in file "./lcd.h"
 Parameters:    Size  Location     Type
		None
 Auto vars:     Size  Location     Type
		None
 Return value:  Size  Location     Type
                  1    wreg      void 
 Registers used:
		wreg, status,2, status,0, pclath, cstack
 Tracked objects:
		On entry : 
		On exit  : 
		Unchanged: 
 Data sizes:     COMMON   BANK0   BANK1   BANK2   BANK3   BANK4   BANK5   BANK6
      Params:         0       0       0       0       0       0       0       0
      Locals:         0       0       0       0       0       0       0       0
      Temps:          1       0       0       0       0       0       0       0
      Totals:         1       0       0       0       0       0       0       0
Total ram usage:        1 bytes
 Hardware stack levels used:    1
 Hardware stack levels required when called:    2
 This function calls:
		_Lcd_Cmd
		_Lcd_Port
 This function is called by:
		_main
 This function uses a non-reentrant model


 *************** function _Lcd_Clear *****************
 Defined at:
		line 35 in file "./lcd.h"
 Parameters:    Size  Location     Type
		None
 Auto vars:     Size  Location     Type
		None
 Return value:  Size  Location     Type
                  2  191[None  ] int 
 Registers used:
		wreg, status,2, status,0, pclath, cstack
 Tracked objects:
		On entry : 
		On exit  : 
		Unchanged: 
 Data sizes:     COMMON   BANK0   BANK1   BANK2   BANK3   BANK4   BANK5   BANK6
      Params:         0       0       0       0       0       0       0       0
      Locals:         0       0       0       0       0       0       0       0
      Temps:          0       0       0       0       0       0       0       0
      Totals:         0       0       0       0       0       0       0       0
Total ram usage:        0 bytes
 Hardware stack levels used:    1
 Hardware stack levels required when called:    2
 This function calls:
		_Lcd_Cmd
 This function is called by:
		_main
 This function uses a non-reentrant model


[...]
 Tracked objects:
		On entry : 
		On exit  : 
		Unchanged: 
 Data sizes:     COMMON   BANK0   BANK1   BANK2   BANK3   BANK4   BANK5   BANK6
      Params:         0       0       0       0       0       0       0       0
      Locals:         3       0       0       0       0       0       0       0
      Temps:          1       0       0       0       0       0       0       0
      Totals:         4       0       0       0       0       0       0       0
Total ram usage:        4 bytes
 Hardware stack levels used:    1
 Hardware stack levels required when called:    1
 This function calls:
		_Lcd_Port
 This function is called by:
		_Lcd_Write_String
 This function uses a non-reentrant model


 *************** function _Lcd_Set_Cursor *****************
 Defined at:
		line 39 in file "./lcd.h"
 Parameters:    Size  Location     Type
  a               1    wreg     unsigned char 
  b               1    3[COMMON] unsigned char 
 Auto vars:     Size  Location     Type
  a               1    6[COMMON] unsigned char 
  temp            1    9[COMMON] unsigned char 
  y               1    8[COMMON] unsigned char 
  z               1    7[COMMON] unsigned char 
 Return value:  Size  Location     Type
                  1    wreg      void 
 Registers used:
		wreg, status,2, status,0, pclath, cstack
 Tracked objects:
		On entry : 
		On exit  : 
		Unchanged: 
 Data sizes:     COMMON   BANK0   BANK1   BANK2   BANK3   BANK4   BANK5   BANK6
      Params:         1       0       0       0       0       0       0       0
      Locals:         4       0       0       0       0       0       0       0
      Temps:          2       0       0       0       0       0       0       0
      Totals:         7       0       0       0       0       0       0       0
Total ram usage:        7 bytes
 Hardware stack levels used:    1
 Hardware stack levels required when called:    2
 This function calls:
		_Lcd_Cmd
 This function is called by:
		_Imprimir_LCD
		_main
 This function uses a non-reentrant model


 *************** function _Lcd_Cmd *****************
 Defined at:
		line 28 in file "./lcd.h"
 Parameters:    Size  Location     Type
  a               1    wreg     unsigned char 
 Auto vars:     Size  Location     Type
  a               1    2[COMMON] unsigned char 
 Return value:  Size  Location     Type
                  1    wreg      void 
 Registers used:
		wreg, status,2, status,0, pclath, cstack
 Tracked objects:
		On entry : 
		On exit  : 
		Unchanged: 
 Data sizes:     COMMON   BANK0   BANK1   BANK2   BANK3   BANK4   BANK5   BANK6
      Params:         0       0       0       0       0       0       0       0
      Locals:         1       0       0       0       0       0       0       0
      Temps:          1       0       0       0       0       0       0       0
      Totals:         2       0       0       0       0       0       0       0
Total ram usage:        2 bytes
 Hardware stack levels used:    1
 Hardware stack levels required when called:    1
 This function calls:
		_Lcd_Port
 This function is called by:
		_Lcd_Clear
		_Lcd_Set_Cursor
		_Lcd_Init
 This function uses a non-reentrant model


 *************** function _Lcd_Port *****************
 Defined at:
		line 7 in file "./lcd.h"
 Parameters:    Size  Location     Type
  a               1    wreg     unsigned char 
 Auto vars:     Size  Location     Type
  a               1    0[COMMON] unsigned char 
 Return value:  Size  Location     Type
                  1    wreg      void 
 Registers used:
		wreg
 Tracked objects:
		On entry : 
		On exit  : 
		Unchanged: 
 Data sizes:     COMMON   BANK0   BANK1   BANK2   BANK3   BANK4   BANK5   BANK6
      Params:         0       0       0       0       0       0       0       0
      Locals:         1       0       0       0       0       0       0       0
      Temps:          0       0       0       0       0       0       0       0
      Totals:         1       0       0       0       0       0       0       0
Total ram usage:        1 bytes
 Hardware stack levels used:    1
 This function calls:
		Nothing
 This function is called by:
		_Lcd_Cmd
		_Lcd_Init
		_Lcd_Write_Char
 This function uses a non-reentrant model


 *************** function _EnviarTexto_UART *****************
 Defined at:
		line 107 in file "main.c"
 Parameters:    Size  Location     Type
  st_pt           1    wreg     PTR unsigned char 
		 -> Arreglo(9), 
 Auto vars:     Size  Location     Type
  st_pt           1    2[COMMON] PTR unsigned char 
		 -> Arreglo(9), 
 Return value:  Size  Location     Type
                  1    wreg      void 
 Registers used:
		wreg, fsr1l, fsr1h, status,2, status,0, pclath, cstack
 Tracked objects:
		On entry : 
		On exit  : 
		Unchanged: 
 Data sizes:     COMMON   BANK0   BANK1   BANK2   BANK3   BANK4   BANK5   BANK6
      Params:         0       0       0       0       0       0       0       0
      Locals:         1       0       0       0       0       0       0       0
      Temps:          1       0       0       0       0       0       0       0
      Totals:         2       0       0       0       0       0       0       0
Total ram usage:        2 bytes
 Hardware stack levels used:    1
 Hardware stack levels required when called:    1
 This function calls:
		_EnviarDato_UART
 This function is called by:
		_main
 This function uses a non-reentrant model


 *************** function _EnviarDato_UART *****************
 Defined at:
		line 102 in file "main.c"
 Parameters:    Size  Location     Type
  DT              1    wreg     unsigned char 
 Auto vars:     Size  Location     Type
  DT              1    0[COMMON] unsigned char 
 Return value:  Size  Location     Type
                  1    wreg      void 
 Registers used:
		wreg
 Tracked objects:
		On entry : 
		On exit  : 
		Unchanged: 
 Data sizes:     COMMON   BANK0   BANK1   BANK2   BANK3   BANK4   BANK5   BANK6
      Params:         0       0       0       0       0       0       0       0
      Locals:         1       0       0       0       0       0       0       0
      Temps:          0       0       0       0       0       0       0       0
      Totals:         1       0       0       0       0       0       0       0
Total ram usage:        1 bytes
 Hardware stack levels used:    1
 This function calls:
		Nothing
 This function is called by:
		_EnviarTexto_UART
 This function uses a non-reentrant model


 *************** function _ComprobarALarmaS2 *****************
 Defined at:
		line 159 in file "main.c"
 Parameters:    Size  Location     Type
		None
 Auto vars:     Size  Location     Type
		None
 Return value:  Size  Location     Type
                  1    wreg      void 
 Registers used:
		wreg, status,2, status,0, pclath, cstack
 Tracked objects:
		On entry : 
		On exit  : 
		Unchanged: 
 Data sizes:     COMMON   BANK0   BANK1   BANK2   BANK3   BANK4   BANK5   BANK6
      Params:         0       0       0       0       0       0       0       0
      Locals:         0       0       0       0       0       0       0       0
      Temps:          0       0       0       0       0       0       0       0
      Totals:         0       0       0       0       0       0       0       0
Total ram usage:        0 bytes
 Hardware stack levels used:    1
 Hardware stack levels required when called:    1
 This function calls:
		___flge
 This function is called by:
		_main
 This function uses a non-reentrant model


 *************** function _ComprobarALarmaS1 *****************
 Defined at:
		line 148 in file "main.c"
 Parameters:    Size  Location     Type
		None
 Auto vars:     Size  Location     Type
		None
 Return value:  Size  Location     Type
                  1    wreg      void 
 Registers used:
		wreg, status,2, status,0, pclath, cstack
 Tracked objects:
		On entry : 
		On exit  : 
		Unchanged: 
 Data sizes:     COMMON   BANK0   BANK1   BANK2   BANK3   BANK4   BANK5   BANK6
      Params:         0       0       0       0       0       0       0       0
      Locals:         0       0       0       0       0       0       0       0
      Temps:          0       0       0       0       0       0       0       0
      Totals:         0       0       0       0       0       0       0       0
Total ram usage:        0 bytes
 Hardware stack levels used:    1
 Hardware stack levels required when called:    1
 This function calls:
		___flge
 This function is called by:
		_main
 This function uses a non-reentrant model


 *************** function ___flge *****************
 Defined at:
		line 4 in file "C:\Program Files (x86)\Microchip\xc8\v2.10\pic\sources\c99\common\flge.c"
 Parameters:    Size  Location     Type
  ff1             4   26[BANK0 ] void 
  ff2             4   30[BANK0 ] void 
 Auto vars:     Size  Location     Type
		None
 Return value:  Size  Location     Type
		None               void
 Registers used:
		wreg, status,2, status,0
 Tracked objects:
		On entry : 
		On exit  : 
		Unchanged: 
 Data sizes:     COMMON   BANK0   BANK1   BANK2   BANK3   BANK4   BANK5   BANK6
      Params:         0       8       0       0       0       0       0       0
      Locals:         0       0       0       0       0       0       0       0
      Temps:          0       4       0       0       0       0       0       0
      Totals:         0      12       0       0       0       0       0       0
Total ram usage:       12 bytes
 Hardware stack levels used:    1
 This function calls:
		Nothing
 This function is called by:
		_ComprobarALarmaS1
		_ComprobarALarmaS2
		_efgtoa
 This function uses a non-reentrant model


 *************** function _ADC_SelectChannel *****************
 Defined at:
		line 85 in file "mcc_generated_files/adc.c"
 Parameters:    Size  Location     Type
  channel         1    wreg     enum E2950
 Auto vars:     Size  Location     Type
  channel         1    1[COMMON] enum E2950
 Return value:  Size  Location     Type
                  1    wreg      void 
 Registers used:
		wreg, status,2, status,0
 Tracked objects:
		On entry : 
		On exit  : 
		Unchanged: 
 Data sizes:     COMMON   BANK0   BANK1   BANK2   BANK3   BANK4   BANK5   BANK6
      Params:         0       0       0       0       0       0       0       0
      Locals:         1       0       0       0       0       0       0       0
      Temps:          1       0       0       0       0       0       0       0
      Totals:         2       0       0       0       0       0       0       0
Total ram usage:        2 bytes
 Hardware stack levels used:    1
 This function calls:
		Nothing
 This function is called by:
		_main
 This function uses a non-reentrant model


 *************** function _ADC_GetConversion *****************
 Defined at:
		line 112 in file "mcc_generated_files/adc.c"
 Parameters:    Size  Location     Type
  channel         1    wreg     enum E2950
 Auto vars:     Size  Location     Type
  channel         1    3[COMMON] enum E2950
 Return value:  Size  Location     Type
                  2    0[COMMON] unsigned short 
 Registers used:
		wreg, status,2, status,0
 Tracked objects:
		On entry : 
		On exit  : 
		Unchanged: 
 Data sizes:     COMMON   BANK0   BANK1   BANK2   BANK3   BANK4   BANK5   BANK6
      Params:         2       0       0       0       0       0       0       0
      Locals:         1       0       0       0       0       0       0       0
      Temps:          1       0       0       0       0       0       0       0
      Totals:         4       0       0       0       0       0       0       0
Total ram usage:        4 bytes
 Hardware stack levels used:    1
 This function calls:
		Nothing
 This function is called by:
		_main
 This function uses a non-reentrant model



MODULE INFORMATION

Module		Function		Class		Link	Load	Size
C:\Program Files (x86)\Microchip\xc8\v2.10\pic\sources\c99\common\floorf.c
		_floorf        		CODE           	1648	0000	211

C:\Program Files (x86)\Microchip\xc8\v2.10\pic\sources\c99\common\floorf.c estimated size: 211

C:\Program Files (x86)\Microchip\xc8\v2.10\pic\sources\c99\common\atoi.c
		_atoi          		CODE           	15A9	0000	160

C:\Program Files (x86)\Microchip\xc8\v2.10\pic\sources\c99\common\atoi.c estimated size: 160

C:\Program Files (x86)\Microchip\xc8\v2.10\pic\sources\c99\common\fleq.c
		___fleq        		CODE           	111B	0000	73

C:\Program Files (x86)\Microchip\xc8\v2.10\pic\sources\c99\common\fleq.c estimated size: 73

C:\Program Files (x86)\Microchip\xc8\v2.10\pic\sources\c99\common\xxtofl.c
		___xxtofl      		CODE           	1514	0000	150

C:\Program Files (x86)\Microchip\xc8\v2.10\pic\sources\c99\common\xxtofl.c estimated size: 150

C:\Program Files (x86)\Microchip\xc8\v2.10\pic\sources\c99\common\awdiv.c
		___awdiv       		CODE           	12EB	0000	82

C:\Program Files (x86)\Microchip\xc8\v2.10\pic\sources\c99\common\awdiv.c estimated size: 82

C:\Program Files (x86)\Microchip\xc8\v2.10\pic\sources\c99\common\isspace.c
		_isspace       		CODE           	1F43	0000	29

C:\Program Files (x86)\Microchip\xc8\v2.10\pic\sources\c99\common\isspace.c estimated size: 29

C:\Program Files (x86)\Microchip\xc8\v2.10\pic\sources\c99\common\strlen.c
		_strlen        		CODE           	1EF6	0000	25

C:\Program Files (x86)\Microchip\xc8\v2.10\pic\sources\c99\common\strlen.c estimated size: 25

C:\Program Files (x86)\Microchip\xc8\v2.10\pic\sources\c99\common\fltol.c
		___fltol       		CODE           	133C	0000	102

C:\Program Files (x86)\Microchip\xc8\v2.10\pic\sources\c99\common\fltol.c estimated size: 102

./lcd.h
		_Lcd_Write_String		CODE           	1F0E	0000	27
		_Lcd_Init      		CODE           	1093	0000	68
		_Lcd_Write_Char		CODE           	1010	0000	43
		_Lcd_Cmd       		CODE           	1E73	0000	20
		_Lcd_Set_Cursor		CODE           	1494	0000	129
		_Lcd_Clear     		CODE           	1E2D	0000	9
		_Lcd_Port      		CODE           	1E9B	0000	23

./lcd.h estimated size: 319

C:\Program Files (x86)\Microchip\xc8\v2.10\pic\sources\c99\common\strcpy.c
		_strcpy        		CODE           	1F9B	0000	32

C:\Program Files (x86)\Microchip\xc8\v2.10\pic\sources\c99\common\strcpy.c estimated size: 32

mcc_generated_files/pin_manager.c
		_PIN_MANAGER_Initialize		CODE           	0800	0000	35

mcc_generated_files/pin_manager.c estimated size: 35

C:\Program Files (x86)\Microchip\xc8\v2.10\pic\sources\c99\common\strncmp.c
		_strncmp       		CODE           	11AF	0000	79

C:\Program Files (x86)\Microchip\xc8\v2.10\pic\sources\c99\common\strncmp.c estimated size: 79

C:\Program Files (x86)\Microchip\xc8\v2.10\pic\sources\c99\common\tolower.c
		_tolower       		CODE           	1FBA	0000	34

C:\Program Files (x86)\Microchip\xc8\v2.10\pic\sources\c99\common\tolower.c estimated size: 34

C:\Program Files (x86)\Microchip\xc8\v2.10\pic\sources\c99\common\sprcmul.c
		___flmul       		CODE           	0B9F	0000	537

C:\Program Files (x86)\Microchip\xc8\v2.10\pic\sources\c99\common\sprcmul.c estimated size: 537

C:\Program Files (x86)\Microchip\xc8\v2.10\pic\sources\c99\common\sprcdiv.c
		___fldiv       		CODE           	001B	0000	379

C:\Program Files (x86)\Microchip\xc8\v2.10\pic\sources\c99\common\sprcdiv.c estimated size: 379

mcc_generated_files/adc.c
		_ADC_Initialize		CODE           	1E35	0000	9
		_ADC_GetConversion		CODE           	1EB1	0000	24
		_ADC_SelectChannel		CODE           	1E66	0000	14

mcc_generated_files/adc.c estimated size: 47

C:\Program Files (x86)\Microchip\xc8\v2.10\pic\sources\c99\common\doprnt.c
		_vfpfcnvrt     		CODE           	0DB7	0000	586
		_efgtoa        		CODE           	0195	0000	1614
		_pad           		CODE           	124C	0000	80
		_vfprintf      		CODE           	1066	0000	46

C:\Program Files (x86)\Microchip\xc8\v2.10\pic\sources\c99\common\doprnt.c estimated size: 2326

C:\Program Files (x86)\Microchip\xc8\v2.10\pic\sources\c99\common\nf_fputs.c
		_fputs         		CODE           	1FDB	0000	38

C:\Program Files (x86)\Microchip\xc8\v2.10\pic\sources\c99\common\nf_fputs.c estimated size: 38

C:\Program Files (x86)\Microchip\xc8\v2.10\pic\sources\c99\common\flge.c
		___flge        		CODE           	1419	0000	124

C:\Program Files (x86)\Microchip\xc8\v2.10\pic\sources\c99\common\flge.c estimated size: 124

C:\Program Files (x86)\Microchip\xc8\v2.10\pic\sources\c99\common\flneg.c
		___flneg       		CODE           	1E3D	0000	10

C:\Program Files (x86)\Microchip\xc8\v2.10\pic\sources\c99\common\flneg.c estimated size: 10

shared
		__initialization		CODE           	07E2	0000	28

shared estimated size: 28

mcc_generated_files/mcc.c
		_WDT_Initialize		CODE           	1E0E	0000	5
		_OSCILLATOR_Initialize		CODE           	1E1E	0000	8
		_SYSTEM_Initialize		CODE           	1E5A	0000	13

mcc_generated_files/mcc.c estimated size: 26

C:\Program Files (x86)\Microchip\xc8\v2.10\pic\sources\c99\common\putch.c
		_putch         		CODE           	1002	0000	2

C:\Program Files (x86)\Microchip\xc8\v2.10\pic\sources\c99\common\putch.c estimated size: 2

C:\Program Files (x86)\Microchip\xc8\v2.10\pic\sources\c99\common\isdigit.c
		_isdigit       		CODE           	1EC8	0000	24

C:\Program Files (x86)\Microchip\xc8\v2.10\pic\sources\c99\common\isdigit.c estimated size: 24

C:\Program Files (x86)\Microchip\xc8\v2.10\pic\sources\c99\common\sprcadd.c
		___flsub       		CODE           	1F5F	0000	30
		___fladd       		CODE           	09BE	0000	482

C:\Program Files (x86)\Microchip\xc8\v2.10\pic\sources\c99\common\sprcadd.c estimated size: 512

C:\Program Files (x86)\Microchip\xc8\v2.10\pic\sources\c99\common\nf_sprintf.c
		_sprintf       		CODE           	103A	0000	45

C:\Program Files (x86)\Microchip\xc8\v2.10\pic\sources\c99\common\nf_sprintf.c estimated size: 45

C:\Program Files (x86)\Microchip\xc8\v2.10\pic\sources\c99\common\Umul16.c
		___wmul        		CODE           	1F28	0000	28

C:\Program Files (x86)\Microchip\xc8\v2.10\pic\sources\c99\common\Umul16.c estimated size: 28

C:\Program Files (x86)\Microchip\xc8\v2.10\pic\sources\c99\common\Umul8_16.c
		__Umul8_16     		CODE           	1F7C	0000	32

C:\Program Files (x86)\Microchip\xc8\v2.10\pic\sources\c99\common\Umul8_16.c estimated size: 32

C:\Program Files (x86)\Microchip\xc8\v2.10\pic\sources\c99\common\awmod.c
		___awmod       		CODE           	10D6	0000	70

C:\Program Files (x86)\Microchip\xc8\v2.10\pic\sources\c99\common\awmod.c estimated size: 70

main.c
		_Iniciar_UART  		CODE           	1E4F	0000	12
		_ComprobarALarmaS1		CODE           	129B	0000	81
		_ComprobarALarmaS2		CODE           	11FD	0000	80
		_main          		CODE           	08C1	0000	254
		_informacion   		CODE           	0822	0000	160
		_EnviarDato_UART		CODE           	1E25	0000	9
		_Lcd_float     		CODE           	0004	0000	24
		_Imprimir_LCD  		CODE           	171A	0000	231
		_Iniciar_Puertos		CODE           	1003	0000	14
		_EnviarTexto_UART		CODE           	1E86	0000	22

main.c estimated size: 887

C:\Program Files (x86)\Microchip\xc8\v2.10\pic\sources\c99\common\isupper.c
		_isupper       		CODE           	1EDF	0000	24

C:\Program Files (x86)\Microchip\xc8\v2.10\pic\sources\c99\common\isupper.c estimated size: 24

C:\Program Files (x86)\Microchip\xc8\v2.10\pic\sources\c99\common\__fpclassifyf.c
		___fpclassifyf 		CODE           	13A1	0000	121

C:\Program Files (x86)\Microchip\xc8\v2.10\pic\sources\c99\common\__fpclassifyf.c estimated size: 121

C:\Program Files (x86)\Microchip\xc8\v2.10\pic\sources\c99\common\nf_fputc.c
		_fputc         		CODE           	1163	0000	77

C:\Program Files (x86)\Microchip\xc8\v2.10\pic\sources\c99\common\nf_fputc.c estimated size: 77

